== P1 screen vs v06 (Ffast), bank 7030001, 6000 deals x 2 ==
  done reference  v06
  done reference  v05
  done reference  v04
  done prior  v06:ptheta=0
  done prior  v06:ptheta=0.2
  done prior  v06:ptheta=0.9
  done prior  v06:ptheta=1.5
  done prior  v06:pphi=0
  done prior  v06:pphi=0.4
  done prior  v06:ptheta=0,pphi=0
  done belief  v06:belief=indep
  done belief  v06:belief=sinkhorn
  done belief  v06:belief=exactdisj
  done belief  v06:belief=hybrid
  done belief  v06:belief=block
  done decl  v06:vmargin=-0.02
  done decl  v06:vmargin=-0.01
  done decl  v06:vmargin=0.01
  done decl  v06:vmargin=0.03
  done decl  v06:decl=0.90
  done decl  v06:decl=0.99
  done decl  v06:minteam=0.20
  done decl  v06:minteam=0.70
  done decl  v06:m2=0
  done decl  v06:gmap=1
  done decl  v06:declare=0
  done decl  v06:vdecl=0
  done ask  v06:m1=0
  done ask  v06:m1p=0
  done ask  v06:dead=1
  done ask  v06:dead=1,deadbudget=3
  done ask  v06:dead=1,deadbudget=1
  done ask  v06:norepeat=1
  done ask  v06:rtie=1
  done ask  v06:topk=0
  done ask  v06:chain2=1
  done ask  v06:xf=0
  done ask  v06:value=0
  done ask  v06:askfloor=0.3
  done ask  v06:oppfloor=0
  done archetype  detective
  done archetype  lockout
  done archetype  hunter
  done archetype  diversifier
  done archetype  bluffer
  done archetype  v03
  done archetype  v02
  done archetype  silent
  done archetype  feint
  done archetype  withholder
  done search  v06:s1=1,det=12,cand=4,kappa=2.5,rbelief=indep,depth=12,maxq=26
  done search  v06:s1=1,det=12,cand=4,kappa=2.5,rbelief=indep,depth=24,maxq=26
  done search  v06:s1=1,det=16,cand=6,kappa=2.0,maxq=26
  done invert  v07i:idet=48,imodel=v06
done -> ../research/v07/results/P1-screen.jsonl
