== P1b deception space and unexercised machinery vs v06 ==
  done deception  feint:tol=0.02
  done deception  silent:tol=0.02
  done deception  withholder:tol=0.02
  done deception  feint:tol=0.05
  done deception  silent:tol=0.05
  done deception  withholder:tol=0.05
  done deception  feint:tol=0.10
  done deception  silent:tol=0.10
  done deception  withholder:tol=0.10
  done deception  feint:tol=0.20
  done deception  silent:tol=0.20
  done deception  withholder:tol=0.20
  done deception  feint:tol=0.40
  done deception  silent:tol=0.40
  done deception  withholder:tol=0.40
  done deception  feint:k=1
  done deception  withholder:k=1
  done deception  feint:k=3
  done deception  withholder:k=3
  done deception  feint:k=6
  done deception  withholder:k=6
  done deception  feint:k=12
  done deception  withholder:k=12
  done deception  feint:tol=0.10,k=6
  done deception  feint:tol=0.20,k=3
  done deception  withholder:tol=0.10,k=6
  done deception  v04
  done tells  bluffer:tells=1
  done tells  detective:tells=1
  done tells  lockout:tells=1
  done tells  hunter:tells=1
  done tells  diversifier:tells=1
  done inclass-feint  v06:w3=-2.0
  done inclass-feint  v06:w3=-4.0
  done inclass-feint  v06:w19=-6.0
  done inclass-feint  v06:w19=-12.0
  done inclass-feint  v06:w3=-2.0,w19=-6.0
  done inclass-feint  v06:w3=1.9,w19=-12.0
  done c3  v06:allparams=11.01959|3.76864|1.26247|2.02293|5.38365|7.35170|2.72276|-1.37625|-3.68164|-5.39828|-2.30428|-0.94811|3.23905|4.68089|-1.66255|-1.57374|5.66882|0.16416|0.50099|-2.35415|0.83516|0.74019|0.26813|6.09034|1.54718|7.77694|0.58685|0.77592|0.00473|0.53508|0.14616|5.46498|3.45467|3.67914|0.24753|-0.71832|-0.75982
  done c3  v06:allparams=11.01959|3.76864|1.26247|2.02293|5.38365|7.35170|2.72276|-1.37625|-3.68164|-5.39828|-2.30428|-0.94811|3.23905|4.68089|-1.66255|-1.57374|5.66882|0.16416|0.50099|-2.35415|0.83516|0.74019|0.26813|6.09034|1.54718|7.77694|0.58685|0.77592|0.00473|0.53508|0.14616|5.46498|3.45467|3.67914|0.24753|-0.71832|-0.75982,s1=1,det=12,cand=4,kappa=2.5,rbelief=indep,depth=12,maxq=26,roppo=v06
  done c3  v06:allparams=11.01959|3.76864|1.26247|2.02293|5.38365|7.35170|2.72276|-1.37625|-3.68164|-5.39828|-2.30428|-0.94811|3.23905|4.68089|-1.66255|-1.57374|5.66882|0.16416|0.50099|-2.35415|0.83516|0.74019|0.26813|6.09034|1.54718|7.77694|0.58685|0.77592|0.00473|0.53508|0.14616|5.46498|3.45467|3.67914|0.24753|-0.71832|-0.75982,s1=1,det=16,cand=6,kappa=2.0,maxq=26,roppo=v06
  done c3  v06:allparams=11.01959|3.76864|1.26247|2.02293|5.38365|7.35170|2.72276|-1.37625|-3.68164|-5.39828|-2.30428|-0.94811|3.23905|4.68089|-1.66255|-1.57374|5.66882|0.16416|0.50099|-2.35415|0.83516|0.74019|0.26813|6.09034|1.54718|7.77694|0.58685|0.77592|0.00473|0.53508|0.14616|5.46498|3.45467|3.67914|0.24753|-0.71832|-0.75982,s1=1,det=12,cand=4,kappa=2.5,rbelief=indep,depth=12,maxq=26
  done c3  v06:s1=1,det=12,cand=4,kappa=2.5,rbelief=indep,depth=12,maxq=26,roppo=v06
  done c3  v06:s1=1,det=16,cand=6,kappa=2.0,maxq=26,roppo=v06
  done c3  v06:s1=1,det=12,cand=4,kappa=2.5,rbelief=indep,depth=12,maxq=26,deadsearch=2
  done invert  v07i:idet=96,imodel=v06
  done invert  v07i:idet=24,imodel=v06
  done invert  v07i:igain=2.0,imodel=v06
  done invert  v07i:igain=0.5,imodel=v06
  done invert  v07i:ifocus=1,imodel=v06
  done invert  v07i:ifocus=0,imodel=v06
  done invert  v07i:ikappa=1.0,imodel=v06
  done invert  v07i:istep=2.5,imodel=v06
  done invert  v07i:imaxq=26,imodel=v06
  done invert  v07i:idet=96,igain=2.0,imodel=v06
  done invert  v07i:idet=48,imodel=v06,s1=1,det=12,cand=4,kappa=2.5,rbelief=indep,depth=12,maxq=26
  done urgency  v06:vmargin=-0.05
  done urgency  v06:vmargin=-0.10
  done urgency  v06:vmargin=-0.20
  done urgency  v06:vmargin=-0.40
  done urgency  v06:decl=0.60
  done urgency  v06:decl=0.70
  done urgency  v06:decl=0.95
  done urgency  v06:vmargin=-0.10,decl=0.60
  done urgency  v06:vmargin=-0.20,decl=0.60
  done urgency  v06:dead=1,deadbudget=8
  done urgency  v06:dead=1,deadbudget=20
  done urgency  v06:vmargin=-0.10,dead=1,deadbudget=8
  done urgency  v06:pool=20
  done urgency  v06:pool=45
  done c6  v07c:mode=0
  done c6  v07c:mode=1
  done c6  v07c:mode=2
  done c6  v07c:mode=3
  done c6  v07c:mode=1,holdmax=30
  done c6  v07c:mode=1,holdmax=120
  done c6  v07c:mode=2,aggr=-2.0
  done c6  v07c:mode=2,lockp=0.80,ambig=1
  done c6  v07c:mode=2,lockp=0.99,ambig=3
  done c6  v07c:mode=3,holdmax=30
done -> ../research/v07/results/P1b-screen.jsonl
