\BOOKMARK [1][-]{section.1}{\376\377\000I\000n\000t\000r\000o\000d\000u\000c\000t\000i\000o\000n}{}% 1
\BOOKMARK [1][-]{section.2}{\376\377\000T\000h\000e\000\040\000g\000a\000m\000e\000\040\000a\000n\000d\000\040\000t\000h\000e\000\040\000r\000u\000l\000e\000s\000\040\000d\000i\000a\000l\000e\000c\000t\000\040\000s\000t\000u\000d\000i\000e\000d}{}% 2
\BOOKMARK [2][-]{subsection.2.1}{\376\377\000T\000h\000e\000\040\000d\000i\000a\000l\000e\000c\000t\000\040\000s\000t\000u\000d\000i\000e\000d}{section.2}% 3
\BOOKMARK [2][-]{subsection.2.2}{\376\377\000W\000h\000a\000t\000\040\000i\000s\000\040\000u\000n\000c\000h\000a\000n\000g\000e\000d\000\040\000f\000r\000o\000m\000\040\000t\000h\000e\000\040\000v\0000\000.\0004\000\040\000a\000n\000d\000\040\000v\0000\000.\0005\000\040\000s\000t\000u\000d\000i\000e\000s}{section.2}% 4
\BOOKMARK [1][-]{section.3}{\376\377\000R\000e\000l\000a\000t\000e\000d\000\040\000w\000o\000r\000k}{}% 5
\BOOKMARK [2][-]{subsection.3.1}{\376\377\000F\000i\000s\000h\000\040\000a\000n\000d\000\040\000L\000i\000t\000e\000r\000a\000t\000u\000r\000e}{section.3}% 6
\BOOKMARK [2][-]{subsection.3.2}{\376\377\000D\000e\000t\000e\000r\000m\000i\000n\000i\000z\000a\000t\000i\000o\000n\000,\000\040\000a\000n\000d\000\040\000w\000h\000y\000\040\000d\000o\000u\000b\000l\000e\000-\000d\000u\000m\000m\000y\000\040\000a\000n\000a\000l\000y\000s\000i\000s\000\040\000f\000a\000i\000l\000s\000\040\000h\000e\000r\000e}{section.3}% 7
\BOOKMARK [2][-]{subsection.3.3}{\376\377\000S\000e\000a\000r\000c\000h\000\040\000i\000n\000\040\000i\000m\000p\000e\000r\000f\000e\000c\000t\000-\000i\000n\000f\000o\000r\000m\000a\000t\000i\000o\000n\000\040\000a\000n\000d\000\040\000c\000o\000o\000p\000e\000r\000a\000t\000i\000v\000e\000\040\000g\000a\000m\000e\000s}{section.3}% 8
\BOOKMARK [2][-]{subsection.3.4}{\376\377\000P\000o\000l\000i\000c\000y\000-\000a\000w\000a\000r\000e\000\040\000i\000n\000f\000e\000r\000e\000n\000c\000e}{section.3}% 9
\BOOKMARK [2][-]{subsection.3.5}{\376\377\000T\000e\000a\000m\000\040\000g\000a\000m\000e\000s\000\040\000a\000n\000d\000\040\000c\000o\000m\000m\000o\000n\000\040\000i\000n\000f\000o\000r\000m\000a\000t\000i\000o\000n}{section.3}% 10
\BOOKMARK [1][-]{section.4}{\376\377\000T\000h\000e\000\040\000s\000i\000m\000u\000l\000a\000t\000o\000r\000:\000\040\000i\000m\000p\000l\000e\000m\000e\000n\000t\000a\000t\000i\000o\000n\000,\000\040\000i\000n\000f\000o\000r\000m\000a\000t\000i\000o\000n\000\040\000s\000a\000f\000e\000t\000y\000,\000\040\000v\000e\000r\000i\000f\000i\000c\000a\000t\000i\000o\000n\000,\000\040\000a\000n\000d\000\040\000t\000h\000e\000\040\000v\0000\000.\0006\000\040\000r\000e\000p\000a\000i\000r\000s}{}% 11
\BOOKMARK [2][-]{subsection.4.1}{\376\377\000I\000m\000p\000l\000e\000m\000e\000n\000t\000a\000t\000i\000o\000n}{section.4}% 12
\BOOKMARK [2][-]{subsection.4.2}{\376\377\000I\000n\000f\000o\000r\000m\000a\000t\000i\000o\000n\000\040\000s\000a\000f\000e\000t\000y}{section.4}% 13
\BOOKMARK [2][-]{subsection.4.3}{\376\377\000V\000e\000r\000i\000f\000i\000c\000a\000t\000i\000o\000n\000\040\000s\000u\000i\000t\000e}{section.4}% 14
\BOOKMARK [2][-]{subsection.4.4}{\376\377\000T\000h\000e\000\040\000v\0000\000.\0006\000\040\000e\000n\000g\000i\000n\000e\000\040\000r\000e\000p\000a\000i\000r\000s}{section.4}% 15
\BOOKMARK [1][-]{section.5}{\376\377\000T\000h\000e\000\040\000o\000b\000s\000e\000r\000v\000e\000r\000-\000c\000o\000n\000d\000i\000t\000i\000o\000n\000e\000d\000\040\000d\000e\000a\000l\000\040\000p\000o\000s\000t\000e\000r\000i\000o\000r}{}% 16
\BOOKMARK [2][-]{subsection.5.1}{\376\377\000T\000h\000e\000\040\000h\000i\000d\000d\000e\000n\000\040\000s\000t\000a\000t\000e\000\040\000i\000s\000\040\000t\000h\000e\000\040\000i\000n\000i\000t\000i\000a\000l\000\040\000d\000e\000a\000l}{section.5}% 17
\BOOKMARK [2][-]{subsection.5.2}{\376\377\000T\000h\000e\000\040\000e\000x\000a\000c\000t\000\040\000c\000o\000u\000n\000t\000\040\000l\000a\000w}{section.5}% 18
\BOOKMARK [2][-]{subsection.5.3}{\376\377\000T\000h\000e\000\040\000p\000o\000l\000i\000c\000y\000\040\000p\000r\000i\000o\000r}{section.5}% 19
\BOOKMARK [2][-]{subsection.5.4}{\376\377\000T\000h\000e\000\040\000e\000x\000a\000c\000t\000\040\000p\000o\000s\000t\000e\000r\000i\000o\000r\000\040\000i\000s\000\040\000a\000\040\000w\000o\000r\000s\000e\000\040\000p\000r\000e\000d\000i\000c\000t\000o\000r\000\040\000t\000h\000a\000n\000\040\000t\000h\000e\000\040\000a\000p\000p\000r\000o\000x\000i\000m\000a\000t\000i\000o\000n}{section.5}% 20
\BOOKMARK [1][-]{section.6}{\376\377\000D\000i\000a\000g\000n\000o\000s\000i\000s\000:\000\040\000w\000h\000a\000t\000\040\000F\000i\000s\000h\000B\000o\000t\000\040\000v\0000\000.\0005\000\040\000d\000o\000e\000s\000\040\000w\000r\000o\000n\000g\000,\000\040\000a\000n\000d\000\040\000w\000h\000a\000t\000\040\000i\000t\000\040\000d\000o\000e\000s\000\040\000n\000o\000t}{}% 21
\BOOKMARK [2][-]{subsection.6.1}{\376\377\000T\000h\000e\000\040\000i\000n\000s\000t\000r\000u\000m\000e\000n\000t}{section.6}% 22
\BOOKMARK [2][-]{subsection.6.2}{\376\377\000M\000o\000r\000e\000\040\000t\000h\000a\000n\000\040\000h\000a\000l\000f\000\040\000o\000f\000\040\000a\000l\000l\000\040\000a\000s\000k\000\040\000d\000e\000c\000i\000s\000i\000o\000n\000s\000\040\000e\000n\000d\000\040\000i\000n\000\040\000a\000\040\000t\000i\000e}{section.6}% 23
\BOOKMARK [2][-]{subsection.6.3}{\376\377\000N\000e\000g\000a\000t\000i\000v\000e\000\040\000r\000e\000s\000u\000l\000t\000:\000\040\000t\000h\000e\000\040\000t\000i\000e\000s\000\040\000a\000r\000e\000\040\000e\000x\000c\000h\000a\000n\000g\000e\000a\000b\000l\000e\000,\000\040\000a\000n\000d\000\040\000t\000h\000e\000r\000e\000f\000o\000r\000e\000\040\000i\000r\000r\000e\000d\000u\000c\000i\000b\000l\000e}{section.6}% 24
\BOOKMARK [2][-]{subsection.6.4}{\376\377\000N\000e\000g\000a\000t\000i\000v\000e\000\040\000r\000e\000s\000u\000l\000t\000:\000\040\000t\000h\000e\000\040\000F\000i\000s\000h\000B\000o\000t\000\040\000v\0000\000.\0005\000\040\000f\000i\000t\000\040\000w\000a\000s\000\040\000s\000a\000m\000p\000l\000i\000n\000g\000\040\000n\000o\000i\000s\000e}{section.6}% 25
\BOOKMARK [2][-]{subsection.6.5}{\376\377\000W\000h\000a\000t\000\040\000i\000s\000\040\000a\000c\000t\000u\000a\000l\000l\000y\000\040\000s\000t\000i\000l\000l\000\040\000l\000e\000a\000k\000i\000n\000g}{section.6}% 26
\BOOKMARK [1][-]{section.7}{\376\377\000F\000i\000s\000h\000B\000o\000t\000\040\000v\0000\000.\0006\000:\000\040\000t\000h\000e\000\040\000m\000e\000c\000h\000a\000n\000i\000s\000m\000\040\000s\000e\000t}{}% 27
\BOOKMARK [2][-]{subsection.7.1}{\376\377\000S\000h\000i\000p\000p\000e\000d\000:\000\040\000t\000h\000e\000\040\000a\000p\000p\000a\000r\000a\000t\000u\000s}{section.7}% 28
\BOOKMARK [2][-]{subsection.7.2}{\376\377\000M\000e\000a\000s\000u\000r\000e\000d\000\040\000a\000n\000d\000\040\000n\000u\000l\000l\000:\000\040\000t\000h\000e\000\040\000t\000i\000e\000-\000b\000r\000e\000a\000k}{section.7}% 29
\BOOKMARK [2][-]{subsection.7.3}{\376\377\000M\000e\000a\000s\000u\000r\000e\000d\000\040\000a\000n\000d\000\040\000n\000u\000l\000l\000:\000\040\000t\000h\000r\000e\000e\000\040\000a\000s\000k\000\040\000t\000e\000r\000m\000s}{section.7}% 30
\BOOKMARK [2][-]{subsection.7.4}{\376\377\000M\000e\000a\000s\000u\000r\000e\000d\000\040\000a\000n\000d\000\040\000r\000e\000j\000e\000c\000t\000e\000d\000:\000\040\000t\000h\000e\000\040\000d\000e\000l\000i\000b\000e\000r\000a\000t\000e\000\040\000m\000i\000s\000s}{section.7}% 31
\BOOKMARK [2][-]{subsection.7.5}{\376\377\000S\000h\000i\000p\000p\000e\000d\000\040\000o\000f\000f\000:\000\040\000t\000e\000s\000t\000-\000t\000i\000m\000e\000\040\000s\000e\000a\000r\000c\000h}{section.7}% 32
\BOOKMARK [2][-]{subsection.7.6}{\376\377\000S\000h\000i\000p\000p\000e\000d\000:\000\040\000t\000h\000e\000\040\000f\000i\000t\000t\000e\000d\000\040\000v\000e\000c\000t\000o\000r}{section.7}% 33
\BOOKMARK [2][-]{subsection.7.7}{\376\377\000R\000e\000p\000o\000r\000t\000e\000d\000\040\000s\000e\000p\000a\000r\000a\000t\000e\000l\000y\000:\000\040\000t\000h\000e\000\040\000p\000a\000r\000t\000n\000e\000r\000\040\000r\000e\000g\000i\000m\000e\000s}{section.7}% 34
\BOOKMARK [1][-]{section.8}{\376\377\000T\000e\000s\000t\000-\000t\000i\000m\000e\000\040\000s\000e\000a\000r\000c\000h\000,\000\040\000a\000n\000d\000\040\000t\000h\000e\000\040\000s\000t\000a\000t\000i\000s\000t\000i\000c\000\040\000t\000h\000a\000t\000\040\000d\000e\000c\000i\000d\000e\000s\000\040\000w\000h\000e\000t\000h\000e\000r\000\040\000i\000t\000\040\000h\000e\000l\000p\000s}{}% 35
\BOOKMARK [2][-]{subsection.8.1}{\376\377\000W\000h\000y\000\040\000d\000e\000t\000e\000r\000m\000i\000n\000i\000z\000a\000t\000i\000o\000n\000\040\000h\000e\000r\000e\000\040\000i\000s\000\040\000n\000o\000t\000\040\000d\000o\000u\000b\000l\000e\000-\000d\000u\000m\000m\000y\000\040\000s\000e\000a\000r\000c\000h}{section.8}% 36
\BOOKMARK [2][-]{subsection.8.2}{\376\377\000T\000h\000e\000\040\000s\000e\000a\000r\000c\000h}{section.8}% 37
\BOOKMARK [2][-]{subsection.8.3}{\376\377\000T\000h\000e\000\040\000r\000e\000s\000u\000l\000t\000:\000\040\000t\000h\000e\000\040\000o\000p\000t\000i\000m\000i\000z\000e\000r\000'\000s\000\040\000c\000u\000r\000s\000e\000\040\000i\000s\000\040\000w\000o\000r\000t\000h\000\040\0003\0005\000.\0006\0009\000\040\000p\000o\000i\000n\000t\000s}{section.8}% 38
\BOOKMARK [2][-]{subsection.8.4}{\376\377\000W\000h\000e\000r\000e\000\040\000t\000h\000e\000\040\000a\000d\000v\000a\000n\000t\000a\000g\000e\000\040\000l\000i\000v\000e\000s}{section.8}% 39
\BOOKMARK [2][-]{subsection.8.5}{\376\377\000T\000h\000e\000\040\000o\000n\000e\000\040\000m\000o\000v\000e\000\040\000c\000l\000a\000s\000s\000\040\000t\000h\000a\000t\000\040\000e\000x\000i\000s\000t\000s\000\040\000o\000n\000l\000y\000\040\000u\000n\000d\000e\000r\000\040\000s\000e\000a\000r\000c\000h}{section.8}% 40
\BOOKMARK [2][-]{subsection.8.6}{\376\377\000W\000h\000a\000t\000\040\000s\000h\000i\000p\000s}{section.8}% 41
\BOOKMARK [1][-]{section.9}{\376\377\000F\000i\000t\000t\000i\000n\000g}{}% 42
\BOOKMARK [2][-]{subsection.9.1}{\376\377\000P\000e\000r\000-\000c\000o\000o\000r\000d\000i\000n\000a\000t\000e\000\040\000s\000t\000e\000p\000\040\000s\000i\000z\000e\000s}{section.9}% 43
\BOOKMARK [2][-]{subsection.9.2}{\376\377\000P\000a\000i\000r\000e\000d\000\040\000s\000c\000o\000r\000i\000n\000g\000\040\000o\000n\000\040\000c\000o\000m\000m\000o\000n\000\040\000r\000a\000n\000d\000o\000m\000\040\000n\000u\000m\000b\000e\000r\000s}{section.9}% 44
\BOOKMARK [2][-]{subsection.9.3}{\376\377\000A\000\040\000m\000i\000n\000i\000m\000a\000x\000-\000r\000e\000g\000r\000e\000t\000\040\000o\000b\000j\000e\000c\000t\000i\000v\000e}{section.9}% 45
\BOOKMARK [2][-]{subsection.9.4}{\376\377\000C\000o\000m\000m\000i\000t\000-\000g\000a\000t\000e\000\040\000K\000P\000I\000s}{section.9}% 46
\BOOKMARK [2][-]{subsection.9.5}{\376\377\000S\000c\000h\000e\000d\000u\000l\000e\000,\000\040\000s\000e\000l\000e\000c\000t\000i\000o\000n\000,\000\040\000a\000n\000d\000\040\000t\000h\000e\000\040\000w\000i\000n\000n\000e\000r\000'\000s\000\040\000c\000u\000r\000s\000e}{section.9}% 47
\BOOKMARK [1][-]{section.10}{\376\377\000E\000v\000a\000l\000u\000a\000t\000i\000o\000n\000\040\000p\000r\000o\000t\000o\000c\000o\000l}{}% 48
\BOOKMARK [2][-]{subsection.10.1}{\376\377\000S\000i\000x\000-\000r\000o\000t\000a\000t\000i\000o\000n\000\040\000d\000u\000p\000l\000i\000c\000a\000t\000e\000\040\000b\000l\000o\000c\000k\000s}{section.10}% 49
\BOOKMARK [2][-]{subsection.10.2}{\376\377\000D\000e\000a\000l\000-\000c\000l\000u\000s\000t\000e\000r\000e\000d\000\040\000b\000o\000o\000t\000s\000t\000r\000a\000p}{section.10}% 50
\BOOKMARK [2][-]{subsection.10.3}{\376\377\000P\000a\000i\000r\000e\000d\000\040\000e\000s\000t\000i\000m\000a\000t\000o\000r\000s}{section.10}% 51
\BOOKMARK [2][-]{subsection.10.4}{\376\377\000T\000h\000e\000\040\000r\000e\000s\000o\000l\000u\000t\000i\000o\000n\000\040\000r\000e\000q\000u\000i\000r\000e\000m\000e\000n\000t}{section.10}% 52
\BOOKMARK [2][-]{subsection.10.5}{\376\377\000S\000e\000e\000d\000\040\000s\000e\000p\000a\000r\000a\000t\000i\000o\000n\000\040\000a\000n\000d\000\040\000w\000h\000a\000t\000\040\000w\000a\000s\000\040\000h\000e\000l\000d\000\040\000o\000u\000t}{section.10}% 53
\BOOKMARK [2][-]{subsection.10.6}{\376\377\000M\000e\000t\000r\000i\000c\000s}{section.10}% 54
\BOOKMARK [1][-]{section.11}{\376\377\000R\000e\000s\000u\000l\000t\000s}{}% 55
\BOOKMARK [2][-]{subsection.11.1}{\376\377\000C\000o\000n\000t\000r\000o\000l\000s}{section.11}% 56
\BOOKMARK [2][-]{subsection.11.2}{\376\377\000T\000h\000e\000\040\000c\000o\000m\000m\000i\000t\000\040\000g\000a\000t\000e}{section.11}% 57
\BOOKMARK [2][-]{subsection.11.3}{\376\377\000H\000e\000a\000d\000\040\000t\000o\000\040\000h\000e\000a\000d}{section.11}% 58
\BOOKMARK [2][-]{subsection.11.4}{\376\377\000E\000x\000p\000l\000o\000i\000t\000a\000b\000i\000l\000i\000t\000y}{section.11}% 59
\BOOKMARK [2][-]{subsection.11.5}{\376\377\000T\000h\000e\000\040\000p\000e\000r\000-\000s\000t\000y\000l\000e\000\040\000p\000r\000o\000f\000i\000l\000e\000\040\000a\000n\000d\000\040\000t\000h\000e\000\040\000w\000o\000r\000s\000t\000\040\000c\000a\000s\000e}{section.11}% 60
\BOOKMARK [2][-]{subsection.11.6}{\376\377\000B\000e\000l\000i\000e\000f\000\040\000a\000s\000\040\000a\000\040\000p\000r\000e\000d\000i\000c\000t\000o\000r}{section.11}% 61
\BOOKMARK [2][-]{subsection.11.7}{\376\377\000P\000a\000i\000r\000e\000d\000\040\000a\000b\000l\000a\000t\000i\000o\000n\000s}{section.11}% 62
\BOOKMARK [2][-]{subsection.11.8}{\376\377\000T\000h\000e\000\040\000s\000e\000a\000r\000c\000h\000\040\000l\000a\000d\000d\000e\000r}{section.11}% 63
\BOOKMARK [2][-]{subsection.11.9}{\376\377\000P\000a\000r\000t\000n\000e\000r\000\040\000r\000e\000g\000i\000m\000e\000s}{section.11}% 64
\BOOKMARK [2][-]{subsection.11.10}{\376\377\000R\000u\000l\000e\000\040\000d\000i\000a\000l\000e\000c\000t\000s}{section.11}% 65
\BOOKMARK [2][-]{subsection.11.11}{\376\377\000T\000h\000r\000o\000u\000g\000h\000p\000u\000t}{section.11}% 66
\BOOKMARK [1][-]{section.12}{\376\377\000C\000o\000r\000r\000e\000c\000t\000i\000o\000n\000s\000\040\000t\000o\000\040\000t\000h\000e\000\040\000r\000e\000c\000o\000r\000d}{}% 67
\BOOKMARK [2][-]{subsection.12.1}{\376\377\000E\000n\000t\000r\000i\000e\000s\000\040\000c\000a\000r\000r\000i\000e\000d\000\040\000f\000o\000r\000w\000a\000r\000d\000\040\000f\000r\000o\000m\000\040\000t\000h\000e\000\040\000v\0000\000.\0005\000\040\000r\000e\000g\000i\000s\000t\000e\000r\000\040\000t\000h\000a\000t\000\040\000w\000e\000r\000e\000\040\000n\000e\000v\000e\000r\000\040\000p\000u\000b\000l\000i\000s\000h\000e\000d}{section.12}% 68
\BOOKMARK [2][-]{subsection.12.2}{\376\377\000C\000o\000r\000r\000e\000c\000t\000i\000o\000n\000s\000\040\000t\000h\000i\000s\000\040\000s\000t\000u\000d\000y\000\040\000a\000d\000d\000s}{section.12}% 69
\BOOKMARK [2][-]{subsection.12.3}{\376\377\000A\000\040\000n\000o\000t\000e\000\040\000o\000n\000\040\000c\000o\000m\000p\000a\000r\000a\000b\000i\000l\000i\000t\000y}{section.12}% 70
\BOOKMARK [1][-]{section.13}{\376\377\000T\000h\000r\000e\000a\000t\000s\000\040\000t\000o\000\040\000v\000a\000l\000i\000d\000i\000t\000y}{}% 71
\BOOKMARK [1][-]{section.14}{\376\377\000C\000o\000n\000c\000l\000u\000s\000i\000o\000n}{}% 72
\BOOKMARK [1][-]{appendix.A}{\376\377\000T\000h\000e\000\040\000r\000u\000l\000e\000s\000\040\000d\000i\000a\000l\000e\000c\000t\000\040\000i\000n\000\040\000f\000u\000l\000l}{}% 73
\BOOKMARK [2][-]{subsection.A.1}{\376\377\000C\000l\000a\000u\000s\000e\000\040\000t\000a\000b\000l\000e\000\040\000a\000n\000d\000\040\000w\000h\000a\000t\000\040\000c\000h\000a\000n\000g\000e\000d}{appendix.A}% 74
\BOOKMARK [2][-]{subsection.A.2}{\376\377\000C\000l\000a\000u\000s\000e\000s\000\040\000t\000h\000e\000\040\000F\000i\000s\000h\000B\000o\000t\000\040\000v\0000\000.\0006\000\040\000m\000e\000c\000h\000a\000n\000i\000s\000m\000s\000\040\000d\000e\000p\000e\000n\000d\000\040\000o\000n}{appendix.A}% 75
\BOOKMARK [2][-]{subsection.A.3}{\376\377\000T\000w\000o\000\040\000c\000l\000a\000u\000s\000e\000s\000\040\000c\000o\000r\000r\000e\000c\000t\000e\000d}{appendix.A}% 76
\BOOKMARK [1][-]{appendix.B}{\376\377\000I\000n\000f\000e\000r\000e\000n\000c\000e\000:\000\040\000d\000e\000r\000i\000v\000a\000t\000i\000o\000n\000s\000\040\000a\000n\000d\000\040\000i\000m\000p\000l\000e\000m\000e\000n\000t\000a\000t\000i\000o\000n\000\040\000n\000o\000t\000e\000s}{}% 77
\BOOKMARK [2][-]{subsection.B.1}{\376\377\000T\000h\000e\000\040\000c\000o\000n\000s\000t\000r\000a\000i\000n\000t\000\040\000s\000y\000s\000t\000e\000m}{appendix.B}% 78
\BOOKMARK [2][-]{subsection.B.2}{\376\377\000T\000h\000e\000\040\000c\000a\000p\000a\000c\000i\000t\000y\000-\000v\000e\000c\000t\000o\000r\000\040\000c\000o\000u\000n\000t\000\040\000l\000a\000w}{appendix.B}% 79
\BOOKMARK [2][-]{subsection.B.3}{\376\377\000H\000a\000l\000f\000-\000s\000u\000i\000t\000\040\000b\000l\000o\000c\000k\000\040\000e\000n\000u\000m\000e\000r\000a\000t\000i\000o\000n}{appendix.B}% 80
\BOOKMARK [2][-]{subsection.B.4}{\376\377\000T\000h\000e\000\040\000a\000p\000p\000r\000o\000x\000i\000m\000a\000t\000e\000\040\000c\000o\000n\000d\000i\000t\000i\000o\000n\000i\000n\000g\000\040\000s\000t\000e\000p}{appendix.B}% 81
\BOOKMARK [2][-]{subsection.B.5}{\376\377\000T\000h\000e\000\040\000p\000o\000l\000i\000c\000y\000\040\000p\000r\000i\000o\000r\000,\000\040\000d\000e\000r\000i\000v\000e\000d}{appendix.B}% 82
\BOOKMARK [2][-]{subsection.B.6}{\376\377\000T\000h\000e\000\040\000e\000x\000a\000c\000t\000n\000e\000s\000s\000\040\000a\000u\000d\000i\000t\000\040\000a\000n\000d\000\040\000i\000t\000s\000\040\000c\000o\000v\000e\000r\000a\000g\000e}{appendix.B}% 83
\BOOKMARK [2][-]{subsection.B.7}{\376\377\000L\000a\000t\000e\000n\000t\000\040\000a\000p\000p\000r\000o\000x\000i\000m\000a\000t\000i\000o\000n\000s\000\040\000i\000n\000s\000i\000d\000e\000\040\000f\000u\000n\000c\000t\000i\000o\000n\000s\000\040\000d\000o\000c\000u\000m\000e\000n\000t\000e\000d\000\040\000a\000s\000\040\000e\000x\000a\000c\000t}{appendix.B}% 84
\BOOKMARK [1][-]{appendix.C}{\376\377\000C\000o\000n\000f\000i\000g\000u\000r\000a\000t\000i\000o\000n\000\040\000a\000n\000d\000\040\000f\000i\000t\000t\000e\000d\000\040\000p\000a\000r\000a\000m\000e\000t\000e\000r\000s}{}% 85
\BOOKMARK [2][-]{subsection.C.1}{\376\377\000T\000h\000e\000\040\000a\000s\000k\000\040\000f\000e\000a\000t\000u\000r\000e\000s}{appendix.C}% 86
\BOOKMARK [2][-]{subsection.C.2}{\376\377\000T\000h\000e\000\040\000f\000r\000o\000z\000e\000n\000\040\000p\000a\000r\000a\000m\000e\000t\000e\000r\000\040\000v\000e\000c\000t\000o\000r}{appendix.C}% 87
\BOOKMARK [2][-]{subsection.C.3}{\376\377\000B\000o\000u\000n\000d\000s\000\040\000a\000n\000d\000\040\000p\000e\000r\000-\000c\000o\000o\000r\000d\000i\000n\000a\000t\000e\000\040\000s\000t\000e\000p\000\040\000s\000i\000z\000e\000s}{appendix.C}% 88
\BOOKMARK [2][-]{subsection.C.4}{\376\377\000V\000a\000l\000u\000e\000-\000f\000u\000n\000c\000t\000i\000o\000n\000\040\000c\000o\000e\000f\000f\000i\000c\000i\000e\000n\000t\000s}{appendix.C}% 89
\BOOKMARK [2][-]{subsection.C.5}{\376\377\000T\000h\000e\000\040\000p\000o\000l\000i\000c\000y\000-\000s\000p\000e\000c\000i\000f\000i\000c\000a\000t\000i\000o\000n\000\040\000g\000r\000a\000m\000m\000a\000r}{appendix.C}% 90
\BOOKMARK [2][-]{subsection.C.6}{\376\377\000M\000e\000c\000h\000a\000n\000i\000s\000m\000\040\000s\000w\000i\000t\000c\000h\000e\000s\000\040\000a\000n\000d\000\040\000t\000h\000e\000i\000r\000\040\000s\000h\000i\000p\000p\000e\000d\000\040\000s\000t\000a\000t\000e\000s}{appendix.C}% 91
\BOOKMARK [1][-]{appendix.D}{\376\377\000E\000x\000t\000e\000n\000d\000e\000d\000\040\000a\000b\000l\000a\000t\000i\000o\000n\000s}{}% 92
\BOOKMARK [2][-]{subsection.D.1}{\376\377\000D\000e\000s\000i\000g\000n}{appendix.D}% 93
\BOOKMARK [2][-]{subsection.D.2}{\376\377\000T\000h\000e\000\040\000m\000e\000c\000h\000a\000n\000i\000s\000m\000s\000\040\000t\000h\000a\000t\000\040\000v\000a\000n\000i\000s\000h\000e\000d}{appendix.D}% 94
\BOOKMARK [2][-]{subsection.D.3}{\376\377\000T\000h\000e\000\040\000s\000w\000i\000t\000c\000h\000e\000d\000-\000o\000f\000f\000\040\000m\000e\000c\000h\000a\000n\000i\000s\000m\000s}{appendix.D}% 95
\BOOKMARK [2][-]{subsection.D.4}{\376\377\000P\000e\000r\000-\000o\000p\000p\000o\000n\000e\000n\000t\000\040\000d\000e\000t\000a\000i\000l}{appendix.D}% 96
\BOOKMARK [2][-]{subsection.D.5}{\376\377\000T\000h\000e\000\040\000f\000o\000u\000r\000-\000w\000a\000y\000\040\000t\000h\000a\000t\000\040\000s\000e\000p\000a\000r\000a\000t\000e\000s\000\040\000t\000w\000o\000\040\000c\000o\000n\000f\000o\000u\000n\000d\000e\000d\000\040\000s\000w\000i\000t\000c\000h\000e\000s}{appendix.D}% 97
\BOOKMARK [2][-]{subsection.D.6}{\376\377\000S\000p\000e\000c\000i\000f\000i\000c\000a\000t\000i\000o\000n\000\040\000o\000f\000\040\000e\000v\000e\000r\000y\000\040\000a\000r\000m}{appendix.D}% 98
\BOOKMARK [1][-]{appendix.E}{\376\377\000T\000e\000s\000t\000-\000t\000i\000m\000e\000\040\000s\000e\000a\000r\000c\000h\000:\000\040\000i\000m\000p\000l\000e\000m\000e\000n\000t\000a\000t\000i\000o\000n\000\040\000d\000e\000t\000a\000i\000l}{}% 99
\BOOKMARK [2][-]{subsection.E.1}{\376\377\000S\000a\000m\000p\000l\000i\000n\000g\000\040\000t\000h\000e\000\040\000d\000e\000a\000l}{appendix.E}% 100
\BOOKMARK [2][-]{subsection.E.2}{\376\377\000R\000e\000c\000o\000n\000s\000t\000r\000u\000c\000t\000i\000n\000g\000\040\000t\000h\000e\000\040\000s\000i\000x\000\040\000i\000n\000f\000o\000r\000m\000a\000t\000i\000o\000n\000\040\000s\000e\000t\000s}{appendix.E}% 101
\BOOKMARK [2][-]{subsection.E.3}{\376\377\000T\000h\000e\000\040\000b\000l\000u\000e\000p\000r\000i\000n\000t\000\040\000u\000s\000e\000d\000\040\000i\000n\000s\000i\000d\000e\000\040\000t\000h\000e\000\040\000r\000o\000l\000l\000o\000u\000t}{appendix.E}% 102
\BOOKMARK [2][-]{subsection.E.4}{\376\377\000T\000h\000e\000\040\000d\000e\000v\000i\000a\000t\000i\000o\000n\000\040\000r\000u\000l\000e}{appendix.E}% 103
\BOOKMARK [2][-]{subsection.E.5}{\376\377\000W\000h\000y\000\040\000t\000h\000e\000\040\000g\000u\000a\000r\000d\000e\000d\000\040\000s\000e\000a\000r\000c\000h\000\040\000s\000t\000i\000l\000l\000\040\000c\000o\000n\000v\000e\000r\000g\000e\000s\000\040\000t\000o\000\040\000t\000h\000e\000\040\000b\000l\000u\000e\000p\000r\000i\000n\000t}{appendix.E}% 104
\BOOKMARK [1][-]{appendix.F}{\376\377\000C\000a\000l\000i\000b\000r\000a\000t\000i\000o\000n}{}% 105
\BOOKMARK [2][-]{subsection.F.1}{\376\377\000W\000h\000a\000t\000\040\000i\000s\000\040\000f\000o\000r\000e\000c\000a\000s\000t}{appendix.F}% 106
\BOOKMARK [2][-]{subsection.F.2}{\376\377\000R\000e\000l\000i\000a\000b\000i\000l\000i\000t\000y}{appendix.F}% 107
\BOOKMARK [2][-]{subsection.F.3}{\376\377\000T\000h\000e\000\040\000c\000a\000l\000i\000b\000r\000a\000t\000i\000o\000n\000/\000r\000e\000s\000o\000l\000u\000t\000i\000o\000n\000\040\000d\000i\000s\000t\000i\000n\000c\000t\000i\000o\000n}{appendix.F}% 108
\BOOKMARK [2][-]{subsection.F.4}{\376\377\000C\000a\000v\000e\000a\000t\000s}{appendix.F}% 109
\BOOKMARK [1][-]{appendix.G}{\376\377\000R\000e\000p\000r\000o\000d\000u\000c\000i\000b\000i\000l\000i\000t\000y\000\040\000a\000n\000d\000\040\000a\000r\000t\000i\000f\000a\000c\000t\000\040\000m\000a\000n\000i\000f\000e\000s\000t}{}% 110
\BOOKMARK [2][-]{subsection.G.1}{\376\377\000S\000o\000u\000r\000c\000e\000\040\000l\000a\000y\000o\000u\000t}{appendix.G}% 111
\BOOKMARK [2][-]{subsection.G.2}{\376\377\000C\000o\000m\000m\000a\000n\000d\000s}{appendix.G}% 112
\BOOKMARK [2][-]{subsection.G.3}{\376\377\000T\000h\000e\000\040\000b\000u\000i\000l\000d\000\040\000a\000n\000d\000\040\000t\000h\000e\000\040\000n\000u\000m\000b\000e\000r\000s\000\040\000p\000i\000p\000e\000l\000i\000n\000e}{appendix.G}% 113
\BOOKMARK [2][-]{subsection.G.4}{\376\377\000A\000r\000t\000i\000f\000a\000c\000t\000\040\000m\000a\000n\000i\000f\000e\000s\000t}{appendix.G}% 114
\BOOKMARK [2][-]{subsection.G.5}{\376\377\000K\000n\000o\000w\000n\000\040\000r\000e\000p\000r\000o\000d\000u\000c\000i\000b\000i\000l\000i\000t\000y\000\040\000g\000a\000p\000s}{appendix.G}% 115
\BOOKMARK [1][-]{appendix.H}{\376\377\000I\000m\000p\000l\000i\000c\000a\000t\000i\000o\000n\000s\000\040\000f\000o\000r\000\040\000h\000u\000m\000a\000n\000\040\000p\000l\000a\000y}{}% 116
\BOOKMARK [2][-]{subsection.H.1}{\376\377\000D\000o\000e\000s\000\040\000F\000i\000s\000h\000B\000o\000t\000\040\000p\000l\000a\000y\000\040\000f\000o\000r\000\040\000i\000t\000s\000e\000l\000f\000\040\000o\000r\000\040\000f\000o\000r\000\040\000t\000h\000e\000\040\000t\000e\000a\000m\000?}{appendix.H}% 117
\BOOKMARK [2][-]{subsection.H.2}{\376\377\000W\000h\000y\000\040\000a\000\040\000w\000e\000l\000l\000-\000t\000r\000a\000i\000n\000e\000d\000\040\000h\000u\000m\000a\000n\000\040\000s\000t\000i\000l\000l\000\040\000o\000u\000t\000-\000r\000e\000a\000s\000o\000n\000s\000\040\000i\000t}{appendix.H}% 118
\BOOKMARK [2][-]{subsection.H.3}{\376\377\000D\000e\000c\000e\000p\000t\000i\000o\000n}{appendix.H}% 119
\BOOKMARK [2][-]{subsection.H.4}{\376\377\000P\000l\000a\000y\000i\000n\000g\000\040\000a\000g\000a\000i\000n\000s\000t\000\040\000i\000t}{appendix.H}% 120
\BOOKMARK [2][-]{subsection.H.5}{\376\377\000W\000h\000e\000r\000e\000\040\000a\000\040\000h\000u\000m\000a\000n\000\040\000s\000h\000o\000u\000l\000d\000\040\000e\000x\000p\000e\000c\000t\000\040\000t\000o\000\040\000k\000e\000e\000p\000\040\000a\000n\000\040\000e\000d\000g\000e}{appendix.H}% 121
\BOOKMARK [1][-]{appendix.I}{\376\377\000E\000x\000t\000e\000n\000d\000e\000d\000\040\000r\000e\000l\000a\000t\000e\000d\000\040\000w\000o\000r\000k}{}% 122
\BOOKMARK [2][-]{subsection.I.1}{\376\377\000F\000u\000r\000t\000h\000e\000r\000\040\000i\000n\000f\000o\000r\000m\000a\000l\000\040\000s\000o\000u\000r\000c\000e\000s\000\040\000o\000n\000\040\000t\000h\000e\000\040\000g\000a\000m\000e}{appendix.I}% 123
\BOOKMARK [2][-]{subsection.I.2}{\376\377\000D\000e\000t\000e\000r\000m\000i\000n\000i\000z\000a\000t\000i\000o\000n\000\040\000a\000n\000d\000\040\000p\000e\000r\000f\000e\000c\000t\000-\000i\000n\000f\000o\000r\000m\000a\000t\000i\000o\000n\000\040\000s\000a\000m\000p\000l\000i\000n\000g}{appendix.I}% 124
\BOOKMARK [2][-]{subsection.I.3}{\376\377\000D\000e\000p\000t\000h\000-\000l\000i\000m\000i\000t\000e\000d\000\040\000a\000n\000d\000\040\000s\000u\000b\000g\000a\000m\000e\000\040\000s\000o\000l\000v\000i\000n\000g}{appendix.I}% 125
\BOOKMARK [2][-]{subsection.I.4}{\376\377\000P\000o\000l\000i\000c\000y\000-\000a\000w\000a\000r\000e\000\040\000i\000n\000f\000e\000r\000e\000n\000c\000e\000\040\000i\000n\000\040\000t\000r\000i\000c\000k\000-\000t\000a\000k\000i\000n\000g\000\040\000g\000a\000m\000e\000s}{appendix.I}% 126
\BOOKMARK [2][-]{subsection.I.5}{\376\377\000C\000o\000o\000p\000e\000r\000a\000t\000i\000v\000e\000\040\000p\000l\000a\000y\000,\000\040\000c\000o\000n\000v\000e\000n\000t\000i\000o\000n\000s\000,\000\040\000a\000n\000d\000\040\000d\000e\000v\000i\000a\000t\000i\000o\000n\000s}{appendix.I}% 127
\BOOKMARK [2][-]{subsection.I.6}{\376\377\000H\000u\000m\000a\000n\000-\000c\000o\000m\000p\000a\000t\000i\000b\000l\000e\000\040\000p\000l\000a\000y\000\040\000a\000n\000d\000\040\000r\000e\000g\000u\000l\000a\000r\000i\000s\000e\000d\000\040\000s\000e\000a\000r\000c\000h}{appendix.I}% 128
\BOOKMARK [2][-]{subsection.I.7}{\376\377\000T\000e\000a\000m\000\040\000g\000a\000m\000e\000s\000\040\000a\000n\000d\000\040\000c\000o\000m\000m\000o\000n\000\040\000i\000n\000f\000o\000r\000m\000a\000t\000i\000o\000n}{appendix.I}% 129
\BOOKMARK [2][-]{subsection.I.8}{\376\377\000C\000o\000u\000n\000t\000i\000n\000g\000\040\000a\000n\000d\000\040\000c\000o\000n\000s\000t\000r\000a\000i\000n\000e\000d\000\040\000s\000a\000m\000p\000l\000i\000n\000g}{appendix.I}% 130
\BOOKMARK [2][-]{subsection.I.9}{\376\377\000E\000v\000a\000l\000u\000a\000t\000i\000o\000n\000\040\000m\000e\000t\000h\000o\000d\000o\000l\000o\000g\000y\000\040\000a\000n\000d\000\040\000v\000a\000r\000i\000a\000n\000c\000e\000\040\000r\000e\000d\000u\000c\000t\000i\000o\000n}{appendix.I}% 131
\BOOKMARK [2][-]{subsection.I.10}{\376\377\000W\000o\000r\000k\000\040\000t\000h\000i\000s\000\040\000s\000t\000u\000d\000y\000\040\000d\000e\000l\000i\000b\000e\000r\000a\000t\000e\000l\000y\000\040\000d\000o\000e\000s\000\040\000n\000o\000t\000\040\000u\000s\000e}{appendix.I}% 132
