########## A0-v06  (full)  ::  v06
  A0-v06 vs F-fast bank 7030001  (6000 games)
  A0-v06 vs F-fast bank 7030002  (6000 games)
  A0-v06 vs F-cheap bank 7030001  (2500 games)
  A0-v06 vs F-cheap bank 7030002  (2500 games)
  A0-v06 vs F-mid bank 7030001  (1200 games)
  A0-v06 vs F-mid bank 7030002  (1200 games)
  A0-v06 vs P2-composite bank 7030001  (1200 games)
  A0-v06 vs P2-composite bank 7030002  (1200 games)
  A0-v06 vs v05 bank 7030001  (6000 games)
  A0-v06 vs v05 bank 7030002  (6000 games)
  A0-v06 vs v04 bank 7030001  (6000 games)
  A0-v06 vs v04 bank 7030002  (6000 games)
  A0-v06 vs v03 bank 7030001  (6000 games)
  A0-v06 vs v03 bank 7030002  (6000 games)
  A0-v06 vs lockout bank 7030001  (6000 games)
  A0-v06 vs lockout bank 7030002  (6000 games)
  A0-v06 vs detective bank 7030001  (6000 games)
  A0-v06 vs detective bank 7030002  (6000 games)
  A0-v06 vs feint bank 7030001  (6000 games)
  A0-v06 vs feint bank 7030002  (6000 games)
  A0-v06 vs v02 bank 7030001  (1500 games)
  A0-v06 vs v02 bank 7030002  (1500 games)
  A0-v06 vs hunter bank 7030001  (1500 games)
  A0-v06 vs hunter bank 7030002  (1500 games)
  A0-v06 vs diversifier bank 7030001  (1500 games)
  A0-v06 vs diversifier bank 7030002  (1500 games)
  A0-v06 vs bluffer bank 7030001  (1500 games)
  A0-v06 vs bluffer bank 7030002  (1500 games)
  A0-v06 vs silent bank 7030001  (1500 games)
  A0-v06 vs silent bank 7030002  (1500 games)
  A0-v06 vs withholder bank 7030001  (1500 games)
  A0-v06 vs withholder bank 7030002  (1500 games)
  A0-v06 vs random bank 7030001  (1500 games)
  A0-v06 vs random bank 7030002  (1500 games)
  A0-v06 vs MC1 bank 7030001  (6000 games)
  A0-v06 vs MC1 bank 7030002  (6000 games)
  A0-v06 vs R-v05 bank 7030001  (6000 games)
  A0-v06 vs R-v05 bank 7030002  (6000 games)
  A0-v06 vs S-ask-0 bank 7030001  (6000 games)
  A0-v06 vs S-ask-0 bank 7030002  (6000 games)
  A0-v06 vs S-ask-2 bank 7030001  (6000 games)
  A0-v06 vs S-ask-2 bank 7030002  (6000 games)
  A0-v06 vs S-belief-0 bank 7030001  (6000 games)
  A0-v06 vs S-belief-0 bank 7030002  (6000 games)
  A0-v06 vs S-decl-1 bank 7030001  (6000 games)
  A0-v06 vs S-decl-1 bank 7030002  (6000 games)
  A0-v06 vs S-prior-0 bank 7030001  (6000 games)
  A0-v06 vs S-prior-0 bank 7030002  (6000 games)
  A0-v06 vs S-search-0 bank 7030001  (1500 games)
  A0-v06 vs S-search-0 bank 7030002  (1500 games)
  A0-v06 vs S-search-2 bank 7030001  (1500 games)
  A0-v06 vs S-search-2 bank 7030002  (1500 games)
  A0-v06 vs X01xC3 bank 7030001  (1500 games)
  A0-v06 vs X01xC3 bank 7030002  (1500 games)
  A0-v06 vs X01xC5 bank 7030001  (1500 games)
  A0-v06 vs X01xC5 bank 7030002  (1500 games)
  A0-v06 vs X05 bank 7030001  (6000 games)
  A0-v06 vs X05 bank 7030002  (6000 games)
  A0-v06 vs X14 bank 7030001  (6000 games)
  A0-v06 vs X14 bank 7030002  (6000 games)
  A0-v06 vs X19 bank 7030001  (6000 games)
  A0-v06 vs X19 bank 7030002  (6000 games)
########## K3-stack  (full)  ::  v06:rtie=1,pool=-1,oppfloor=-1,force=1000000,askfloor=-1,stall=12
  K3-stack vs F-fast bank 7030001  (6000 games)
  K3-stack vs F-fast bank 7030002  (6000 games)
  K3-stack vs F-cheap bank 7030001  (2500 games)
  K3-stack vs F-cheap bank 7030002  (2500 games)
  K3-stack vs F-mid bank 7030001  (1200 games)
  K3-stack vs F-mid bank 7030002  (1200 games)
  K3-stack vs P2-composite bank 7030001  (1200 games)
  K3-stack vs P2-composite bank 7030002  (1200 games)
  K3-stack vs v05 bank 7030001  (6000 games)
  K3-stack vs v05 bank 7030002  (6000 games)
  K3-stack vs v04 bank 7030001  (6000 games)
  K3-stack vs v04 bank 7030002  (6000 games)
  K3-stack vs v03 bank 7030001  (6000 games)
  K3-stack vs v03 bank 7030002  (6000 games)
  K3-stack vs lockout bank 7030001  (6000 games)
  K3-stack vs lockout bank 7030002  (6000 games)
  K3-stack vs detective bank 7030001  (6000 games)
  K3-stack vs detective bank 7030002  (6000 games)
  K3-stack vs feint bank 7030001  (6000 games)
  K3-stack vs feint bank 7030002  (6000 games)
  K3-stack vs v02 bank 7030001  (1500 games)
  K3-stack vs v02 bank 7030002  (1500 games)
  K3-stack vs hunter bank 7030001  (1500 games)
  K3-stack vs hunter bank 7030002  (1500 games)
  K3-stack vs diversifier bank 7030001  (1500 games)
  K3-stack vs diversifier bank 7030002  (1500 games)
  K3-stack vs bluffer bank 7030001  (1500 games)
  K3-stack vs bluffer bank 7030002  (1500 games)
  K3-stack vs silent bank 7030001  (1500 games)
  K3-stack vs silent bank 7030002  (1500 games)
  K3-stack vs withholder bank 7030001  (1500 games)
  K3-stack vs withholder bank 7030002  (1500 games)
  K3-stack vs random bank 7030001  (1500 games)
  K3-stack vs random bank 7030002  (1500 games)
  K3-stack vs MC1 bank 7030001  (6000 games)
  K3-stack vs MC1 bank 7030002  (6000 games)
  K3-stack vs R-v05 bank 7030001  (6000 games)
  K3-stack vs R-v05 bank 7030002  (6000 games)
  K3-stack vs S-ask-0 bank 7030001  (6000 games)
  K3-stack vs S-ask-0 bank 7030002  (6000 games)
  K3-stack vs S-ask-2 bank 7030001  (6000 games)
  K3-stack vs S-ask-2 bank 7030002  (6000 games)
  K3-stack vs S-belief-0 bank 7030001  (6000 games)
  K3-stack vs S-belief-0 bank 7030002  (6000 games)
  K3-stack vs S-decl-1 bank 7030001  (6000 games)
  K3-stack vs S-decl-1 bank 7030002  (6000 games)
  K3-stack vs S-prior-0 bank 7030001  (6000 games)
  K3-stack vs S-prior-0 bank 7030002  (6000 games)
  K3-stack vs S-search-0 bank 7030001  (1500 games)
  K3-stack vs S-search-0 bank 7030002  (1500 games)
  K3-stack vs S-search-2 bank 7030001  (1500 games)
  K3-stack vs S-search-2 bank 7030002  (1500 games)
  K3-stack vs X01xC3 bank 7030001  (1500 games)
  K3-stack vs X01xC3 bank 7030002  (1500 games)
  K3-stack vs X01xC5 bank 7030001  (1500 games)
  K3-stack vs X01xC5 bank 7030002  (1500 games)
  K3-stack vs X05 bank 7030001  (6000 games)
  K3-stack vs X05 bank 7030002  (6000 games)
  K3-stack vs X14 bank 7030001  (6000 games)
  K3-stack vs X14 bank 7030002  (6000 games)
  K3-stack vs X19 bank 7030001  (6000 games)
  K3-stack vs X19 bank 7030002  (6000 games)
########## K3-search  (full)  ::  v06:rtie=1,pool=-1,oppfloor=-1,force=1000000,askfloor=-1,stall=12,s1=1,det=12,cand=4,kappa=2.5,rbelief=indep,depth=12,maxq=26
  K3-search vs F-fast bank 7030001  (2500 games)
  K3-search vs F-fast bank 7030002  (2500 games)
  K3-search vs F-cheap bank 7030001  (2500 games)
== battery stopped after the two full-panel arms completed; K3-search partial (3 cells) discarded per the corpus rule that truncated artifacts are deleted rather than reported ==
